// Jest Snapshot v1, https://goo.gl/fbAQLP

exports[`Button should render correctly 1`] = `
<button
  style={
    Object {
      "margin": "5%",
    }
  }
>
  click
</button>
`;
