// Jest Snapshot v1, https://goo.gl/fbAQLP

exports[`CalculatorDisplay mounts properly 1`] = `
<div
  className="displayContainer"
>
  <h1 />
</div>
`;
